// Vitest Snapshot v1, https://vitest.dev/guide/snapshot.html

exports[`Kromen Offer UI localisation > matches the immutable approved source 1`] = `
{
  "ar": {
    "direction": "rtl",
    "messages": {
      "aiSummary": "استشارتك الشخصية حول التعرفة بالتفصيل",
      "change": "تعديل البيانات",
      "closeLabel": "إغلاق",
      "cta": "ابدأ التغيير الآن",
      "cur": "تعرفتك الحالية لدى",
      "details": "تفاصيل التعرفة",
      "energyElectricity": "الكهرباء",
      "energyGas": "الغاز",
      "fast": "تغيير سريع لمزود الطاقة",
      "hint": "ملاحظة: تستند جميع الأسعار إلى بيانات التعرفة المُرسلة.",
      "m_case": "الحالة",
      "m_city": "المدينة",
      "m_energy": "الطاقة",
      "m_green": "تعرفة طاقة خضراء",
      "m_guarantee": "ضمان السعر",
      "m_month": "الدفعة الشهرية المقدمة",
      "m_paymentsYear": "عدد الدفعات المقدمة سنويًا",
      "m_plz": "الرمز البريدي",
      "m_priceBase": "السعر الأساسي",
      "m_priceWork": "سعر الاستهلاك",
      "m_provider": "المزود",
      "m_savings": "التوفير",
      "m_tariff": "التعرفة",
      "m_term": "مدة العقد",
      "m_usage": "الاستهلاك",
      "m_year": "التكاليف السنوية",
      "modalTitle": "نظرة عامة على التعرفة",
      "month": "التكاليف / الشهر",
      "monthsPlural": "أشهر",
      "monthsSingular": "شهر",
      "no": "لا",
      "oeko": "تعرفة طاقة خضراء",
      "perMonth": "/شهر",
      "perMonthText": "شهريًا",
      "perYear": "/سنة",
      "rec": "توصية التعرفة",
      "saveH": "بناءً على بياناتك وشروطك الحالية.",
      "saveK": "توفيرك السنوي",
      "statusLine": "اكتمل تحليل الذكاء الاصطناعي",
      "title": "توصية التعرفة",
      "until": "حتى",
      "year": "إجمالي التكاليف / السنة",
      "yes": "نعم",
    },
  },
  "de": {
    "direction": "ltr",
    "messages": {
      "aiSummary": "Deine persönliche Tarifberatung im Detail",
      "change": "Angaben ändern",
      "closeLabel": "Schließen",
      "cta": "Jetzt wechseln",
      "cur": "Dein aktueller Tarif bei",
      "details": "Tarifdetails",
      "energyElectricity": "Strom",
      "energyGas": "Gas",
      "fast": "Schneller Wechsel",
      "hint": "Hinweis: Alle Preise basieren auf den übermittelten Tarifdaten.",
      "m_case": "Fall",
      "m_city": "Stadt",
      "m_energy": "Energie",
      "m_green": "Ökotarif",
      "m_guarantee": "Preisgarantie",
      "m_month": "Monatsabschlag",
      "m_paymentsYear": "Abschläge pro Jahr",
      "m_plz": "PLZ",
      "m_priceBase": "Grundpreis",
      "m_priceWork": "Arbeitspreis",
      "m_provider": "Anbieter",
      "m_savings": "Ersparnis",
      "m_tariff": "Tarif",
      "m_term": "Vertragslaufzeit",
      "m_usage": "Verbrauch",
      "m_year": "Jahreskosten",
      "modalTitle": "Tarifübersicht",
      "month": "Kosten / Monat",
      "monthsPlural": "Monate",
      "monthsSingular": "Monat",
      "no": "Nein",
      "oeko": "Ökotarif",
      "perMonth": "/Monat",
      "perMonthText": "pro Monat",
      "perYear": "/Jahr",
      "rec": "Tarifempfehlung",
      "saveH": "Basierend auf deinen Angaben und aktuellen Konditionen.",
      "saveK": "Deine jährliche Ersparnis",
      "statusLine": "KI-Analyse abgeschlossen",
      "title": "Tarifempfehlung",
      "until": "bis",
      "year": "Gesamtkosten / Jahr",
      "yes": "Ja",
    },
  },
  "en": {
    "direction": "ltr",
    "messages": {
      "aiSummary": "Your personalised tariff assessment",
      "change": "Change details",
      "closeLabel": "Close",
      "cta": "Switch tariff",
      "cur": "Your current tariff with",
      "details": "Tariff details",
      "energyElectricity": "Electricity",
      "energyGas": "Gas",
      "fast": "Quick tariff switch",
      "hint": "Please note: All prices are based on the tariff data provided.",
      "m_case": "Case",
      "m_city": "Town or city",
      "m_energy": "Energy",
      "m_green": "Green energy tariff",
      "m_guarantee": "Price guarantee",
      "m_month": "Monthly payment",
      "m_paymentsYear": "Payments per year",
      "m_plz": "Postcode",
      "m_priceBase": "Standing charge",
      "m_priceWork": "Unit rate",
      "m_provider": "Supplier",
      "m_savings": "Saving",
      "m_tariff": "Tariff",
      "m_term": "Contract term",
      "m_usage": "Usage",
      "m_year": "Annual cost",
      "modalTitle": "Tariff overview",
      "month": "Monthly cost",
      "monthsPlural": "months",
      "monthsSingular": "month",
      "no": "No",
      "oeko": "Green energy tariff",
      "perMonth": "/month",
      "perMonthText": "per month",
      "perYear": "/year",
      "rec": "Tariff recommendation",
      "saveH": "Based on your details and current terms.",
      "saveK": "Your estimated annual saving",
      "statusLine": "AI analysis complete",
      "title": "Tariff recommendation",
      "until": "until",
      "year": "Total annual cost",
      "yes": "Yes",
    },
  },
  "es": {
    "direction": "ltr",
    "messages": {
      "aiSummary": "Tu asesoramiento personalizado sobre tarifas",
      "change": "Modificar datos",
      "closeLabel": "Cerrar",
      "cta": "Cambiar ahora",
      "cur": "Tu tarifa actual con",
      "details": "Detalles de la tarifa",
      "energyElectricity": "Electricidad",
      "energyGas": "Gas",
      "fast": "Cambio rápido",
      "hint": "Nota: todos los precios se basan en los datos de la tarifa facilitados.",
      "m_case": "Caso",
      "m_city": "Localidad",
      "m_energy": "Energía",
      "m_green": "Tarifa de energía verde",
      "m_guarantee": "Garantía de precio",
      "m_month": "Pago mensual a cuenta",
      "m_paymentsYear": "Pagos a cuenta al año",
      "m_plz": "Código postal",
      "m_priceBase": "Cuota fija",
      "m_priceWork": "Precio por consumo",
      "m_provider": "Proveedor de energía",
      "m_savings": "Ahorro",
      "m_tariff": "Tarifa",
      "m_term": "Duración del contrato",
      "m_usage": "Consumo",
      "m_year": "Coste anual",
      "modalTitle": "Resumen de la tarifa",
      "month": "Coste / mes",
      "monthsPlural": "meses",
      "monthsSingular": "mes",
      "no": "No",
      "oeko": "Tarifa de energía verde",
      "perMonth": "/mes",
      "perMonthText": "al mes",
      "perYear": "/año",
      "rec": "Tarifa recomendada",
      "saveH": "Según tus datos y las condiciones actuales.",
      "saveK": "Tu ahorro anual",
      "statusLine": "Análisis de IA completado",
      "title": "Recomendación de tarifa",
      "until": "hasta",
      "year": "Coste total / año",
      "yes": "Sí",
    },
  },
  "fr": {
    "direction": "ltr",
    "messages": {
      "aiSummary": "Votre conseil tarifaire personnalisé en détail",
      "change": "Modifier les informations",
      "closeLabel": "Fermer",
      "cta": "Changer maintenant",
      "cur": "Votre tarif actuel chez",
      "details": "Détails du tarif",
      "energyElectricity": "Électricité",
      "energyGas": "Gaz",
      "fast": "Changement rapide",
      "hint": "Remarque : tous les prix reposent sur les données tarifaires transmises.",
      "m_case": "Situation",
      "m_city": "Ville",
      "m_energy": "Énergie",
      "m_green": "Tarif d’énergie verte",
      "m_guarantee": "Garantie de prix",
      "m_month": "Acompte mensuel",
      "m_paymentsYear": "Acomptes par an",
      "m_plz": "Code postal",
      "m_priceBase": "Part fixe",
      "m_priceWork": "Prix de consommation",
      "m_provider": "Fournisseur d’énergie",
      "m_savings": "Économies",
      "m_tariff": "Tarif",
      "m_term": "Durée du contrat",
      "m_usage": "Consommation",
      "m_year": "Coût annuel",
      "modalTitle": "Aperçu du tarif",
      "month": "Coût / mois",
      "monthsPlural": "mois",
      "monthsSingular": "mois",
      "no": "Non",
      "oeko": "Tarif d’énergie verte",
      "perMonth": "/mois",
      "perMonthText": "par mois",
      "perYear": "/an",
      "rec": "Tarif recommandé",
      "saveH": "Selon vos informations et les conditions actuelles.",
      "saveK": "Vos économies annuelles",
      "statusLine": "Analyse par IA terminée",
      "title": "Tarif recommandé",
      "until": "jusqu’au",
      "year": "Coût total / an",
      "yes": "Oui",
    },
  },
  "hi": {
    "direction": "ltr",
    "messages": {
      "aiSummary": "आपकी व्यक्तिगत टैरिफ सलाह विस्तार से",
      "change": "जानकारी बदलें",
      "closeLabel": "बंद करें",
      "cta": "अभी टैरिफ बदलें",
      "cur": "आपका मौजूदा टैरिफ — ऊर्जा प्रदाता:",
      "details": "टैरिफ विवरण",
      "energyElectricity": "बिजली",
      "energyGas": "गैस",
      "fast": "ऊर्जा प्रदाता का त्वरित बदलाव",
      "hint": "ध्यान दें: सभी कीमतें भेजे गए टैरिफ डेटा पर आधारित हैं।",
      "m_case": "मामला",
      "m_city": "शहर",
      "m_energy": "ऊर्जा",
      "m_green": "ग्रीन ऊर्जा टैरिफ",
      "m_guarantee": "मूल्य गारंटी",
      "m_month": "मासिक अग्रिम भुगतान",
      "m_paymentsYear": "प्रति वर्ष अग्रिम भुगतानों की संख्या",
      "m_plz": "पोस्टकोड",
      "m_priceBase": "मूल शुल्क",
      "m_priceWork": "उपभोग मूल्य",
      "m_provider": "ऊर्जा प्रदाता",
      "m_savings": "बचत",
      "m_tariff": "टैरिफ",
      "m_term": "अनुबंध अवधि",
      "m_usage": "खपत",
      "m_year": "वार्षिक लागत",
      "modalTitle": "टैरिफ अवलोकन",
      "month": "लागत / माह",
      "monthsPlural": "माह",
      "monthsSingular": "माह",
      "no": "नहीं",
      "oeko": "ग्रीन ऊर्जा टैरिफ",
      "perMonth": "/माह",
      "perMonthText": "प्रति माह",
      "perYear": "/वर्ष",
      "rec": "टैरिफ सिफारिश",
      "saveH": "आपकी जानकारी और मौजूदा शर्तों के आधार पर।",
      "saveK": "आपकी वार्षिक बचत",
      "statusLine": "AI विश्लेषण पूरा हुआ",
      "title": "टैरिफ सिफारिश",
      "until": "तक",
      "year": "कुल लागत / वर्ष",
      "yes": "हाँ",
    },
  },
  "it": {
    "direction": "ltr",
    "messages": {
      "aiSummary": "La tua consulenza tariffaria personale nel dettaglio",
      "change": "Modifica dati",
      "closeLabel": "Chiudi",
      "cta": "Cambia ora",
      "cur": "La tua tariffa attuale con",
      "details": "Dettagli tariffa",
      "energyElectricity": "Elettricità",
      "energyGas": "Gas",
      "fast": "Cambio rapido",
      "hint": "Nota: tutti i prezzi si basano sui dati tariffari trasmessi.",
      "m_case": "Caso",
      "m_city": "Città",
      "m_energy": "Energia",
      "m_green": "Tariffa verde",
      "m_guarantee": "Garanzia di prezzo",
      "m_month": "Acconto mensile",
      "m_paymentsYear": "Acconti mensili all’anno",
      "m_plz": "CAP",
      "m_priceBase": "Quota fissa",
      "m_priceWork": "Prezzo dell’energia",
      "m_provider": "Fornitore di energia",
      "m_savings": "Risparmio stimato",
      "m_tariff": "Tariffa",
      "m_term": "Durata del contratto",
      "m_usage": "Consumo",
      "m_year": "Costo annuo",
      "modalTitle": "Riepilogo tariffa",
      "month": "Costi / mese",
      "monthsPlural": "mesi",
      "monthsSingular": "mese",
      "no": "No",
      "oeko": "Tariffa verde",
      "perMonth": "/mese",
      "perMonthText": "al mese",
      "perYear": "/anno",
      "rec": "Tariffa energetica consigliata",
      "saveH": "In base ai tuoi dati e alle condizioni attuali.",
      "saveK": "Il tuo risparmio annuo stimato",
      "statusLine": "Analisi IA completata",
      "title": "Tariffa energetica consigliata",
      "until": "fino a",
      "year": "Costi totali / anno",
      "yes": "Sì",
    },
  },
  "nl": {
    "direction": "ltr",
    "messages": {
      "aiSummary": "Je persoonlijke tariefadvies in detail",
      "change": "Gegevens wijzigen",
      "closeLabel": "Sluiten",
      "cta": "Stap nu over",
      "cur": "Energieleverancier van je huidige tarief",
      "details": "Tariefdetails",
      "energyElectricity": "Elektriciteit",
      "energyGas": "Gas",
      "fast": "Snel overstappen",
      "hint": "Let op: alle prijzen zijn gebaseerd op de verstrekte tariefgegevens.",
      "m_case": "Situatie",
      "m_city": "Plaats",
      "m_energy": "Energie",
      "m_green": "Groen energietarief",
      "m_guarantee": "Prijsgarantie",
      "m_month": "Maandelijks voorschot",
      "m_paymentsYear": "Voorschotten per jaar",
      "m_plz": "Postcode",
      "m_priceBase": "Vaste kosten",
      "m_priceWork": "Verbruiksprijs",
      "m_provider": "Energieleverancier",
      "m_savings": "Besparing",
      "m_tariff": "Tarief",
      "m_term": "Contractduur",
      "m_usage": "Verbruik",
      "m_year": "Jaarlijkse kosten",
      "modalTitle": "Tariefoverzicht",
      "month": "Maandelijkse kosten",
      "monthsPlural": "maanden",
      "monthsSingular": "maand",
      "no": "Nee",
      "oeko": "Groen energietarief",
      "perMonth": "/maand",
      "perMonthText": "per maand",
      "perYear": "/jaar",
      "rec": "Tariefadvies",
      "saveH": "Gebaseerd op je gegevens en de huidige voorwaarden.",
      "saveK": "Je geschatte jaarlijkse besparing",
      "statusLine": "AI-analyse voltooid",
      "title": "Tariefadvies",
      "until": "tot",
      "year": "Totale jaarlijkse kosten",
      "yes": "Ja",
    },
  },
  "pl": {
    "direction": "ltr",
    "messages": {
      "aiSummary": "Twoja indywidualna porada taryfowa",
      "change": "Zmień dane",
      "closeLabel": "Zamknij",
      "cta": "Zmień teraz",
      "cur": "Twoja obecna taryfa u",
      "details": "Szczegóły taryfy",
      "energyElectricity": "Energia elektryczna",
      "energyGas": "Gaz",
      "fast": "Szybka zmiana",
      "hint": "Uwaga: wszystkie ceny opierają się na podanych danych taryfy.",
      "m_case": "Przypadek",
      "m_city": "Miejscowość",
      "m_energy": "Energia",
      "m_green": "Taryfa zielonej energii",
      "m_guarantee": "Gwarancja ceny",
      "m_month": "Miesięczna zaliczka",
      "m_paymentsYear": "Zaliczki rocznie",
      "m_plz": "Kod pocztowy",
      "m_priceBase": "Opłata stała",
      "m_priceWork": "Cena za zużycie",
      "m_provider": "Dostawca energii",
      "m_savings": "Oszczędność",
      "m_tariff": "Taryfa",
      "m_term": "Okres obowiązywania umowy",
      "m_usage": "Zużycie",
      "m_year": "Roczny koszt",
      "modalTitle": "Przegląd taryfy",
      "month": "Koszt / miesiąc",
      "monthsPlural": "miesiące",
      "monthsSingular": "miesiąc",
      "no": "Nie",
      "oeko": "Taryfa zielonej energii",
      "perMonth": "/miesiąc",
      "perMonthText": "miesięcznie",
      "perYear": "/rok",
      "rec": "Rekomendowana taryfa",
      "saveH": "Na podstawie podanych danych i obecnych warunków.",
      "saveK": "Twoja roczna oszczędność",
      "statusLine": "Analiza AI zakończona",
      "title": "Rekomendacja taryfy",
      "until": "do",
      "year": "Łączny koszt / rok",
      "yes": "Tak",
    },
  },
  "ru": {
    "direction": "ltr",
    "messages": {
      "aiSummary": "Ваша персональная консультация по тарифу",
      "change": "Изменить данные",
      "closeLabel": "Закрыть",
      "cta": "Сменить сейчас",
      "cur": "Ваш текущий тариф у",
      "details": "Детали тарифа",
      "energyElectricity": "Электроэнергия",
      "energyGas": "Газ",
      "fast": "Быстрая смена",
      "hint": "Примечание: все цены основаны на переданных данных тарифа.",
      "m_case": "Сценарий",
      "m_city": "Город",
      "m_energy": "Энергия",
      "m_green": "Зелёный тариф",
      "m_guarantee": "Гарантия цены",
      "m_month": "Ежемесячный авансовый платёж",
      "m_paymentsYear": "Авансовые платежи в год",
      "m_plz": "Индекс",
      "m_priceBase": "Базовая плата",
      "m_priceWork": "Цена за потребление",
      "m_provider": "Поставщик",
      "m_savings": "Экономия",
      "m_tariff": "Тариф",
      "m_term": "Срок действия договора",
      "m_usage": "Потребление",
      "m_year": "Годовые расходы",
      "modalTitle": "Обзор тарифа",
      "month": "Расходы / месяц",
      "monthsPlural": "месяца",
      "monthsSingular": "месяц",
      "no": "Нет",
      "oeko": "Зелёный тариф",
      "perMonth": "/месяц",
      "perMonthText": "в месяц",
      "perYear": "/год",
      "rec": "Рекомендация тарифа",
      "saveH": "На основе ваших данных и текущих условий.",
      "saveK": "Ваша годовая экономия",
      "statusLine": "ИИ-анализ завершён",
      "title": "Рекомендация тарифа",
      "until": "до",
      "year": "Общие расходы / год",
      "yes": "Да",
    },
  },
  "tr": {
    "direction": "ltr",
    "messages": {
      "aiSummary": "Size özel tarife değerlendirmesi",
      "change": "Bilgileri değiştir",
      "closeLabel": "Kapat",
      "cta": "Tarifeyi değiştir",
      "cur": "Mevcut tarifenizin enerji tedarikçisi",
      "details": "Tarife ayrıntıları",
      "energyElectricity": "Elektrik",
      "energyGas": "Doğal gaz",
      "fast": "Hızlı tarife değişikliği",
      "hint": "Lütfen dikkate alın: Tüm fiyatlar sağlanan tarife verilerine dayanır.",
      "m_case": "Durum",
      "m_city": "Şehir",
      "m_energy": "Enerji",
      "m_green": "Yeşil enerji tarifesi",
      "m_guarantee": "Fiyat garantisi",
      "m_month": "Aylık avans ödemesi",
      "m_paymentsYear": "Yıllık ödeme sayısı",
      "m_plz": "Posta kodu",
      "m_priceBase": "Sabit ücret",
      "m_priceWork": "Tüketim birim fiyatı",
      "m_provider": "Enerji tedarikçisi",
      "m_savings": "Tasarruf",
      "m_tariff": "Tarife",
      "m_term": "Sözleşme süresi",
      "m_usage": "Tüketim",
      "m_year": "Yıllık maliyet",
      "modalTitle": "Tarife özeti",
      "month": "Aylık maliyet",
      "monthsPlural": "ay",
      "monthsSingular": "ay",
      "no": "Hayır",
      "oeko": "Yeşil enerji tarifesi",
      "perMonth": "/ay",
      "perMonthText": "aylık",
      "perYear": "/yıl",
      "rec": "Tarife önerisi",
      "saveH": "Verdiğiniz bilgilere ve mevcut koşullara dayanır.",
      "saveK": "Tahmini yıllık tasarrufunuz",
      "statusLine": "Yapay zekâ analizi tamamlandı",
      "title": "Tarife önerisi",
      "until": "tarihine kadar",
      "year": "Toplam yıllık maliyet",
      "yes": "Evet",
    },
  },
  "zh": {
    "direction": "ltr",
    "messages": {
      "aiSummary": "你的个人资费咨询详情",
      "change": "修改信息",
      "closeLabel": "关闭",
      "cta": "立即更换",
      "cur": "你当前使用的资费，供应商：",
      "details": "资费详情",
      "energyElectricity": "电",
      "energyGas": "天然气",
      "fast": "快速更换",
      "hint": "提示：所有价格均基于已提交的资费数据。",
      "m_case": "情形",
      "m_city": "城市",
      "m_energy": "能源",
      "m_green": "绿色能源资费",
      "m_guarantee": "价格保证",
      "m_month": "每月预付款",
      "m_paymentsYear": "每年预付款次数",
      "m_plz": "邮编",
      "m_priceBase": "基本费用",
      "m_priceWork": "用量单价",
      "m_provider": "供应商",
      "m_savings": "节省",
      "m_tariff": "资费",
      "m_term": "合同期限",
      "m_usage": "用量",
      "m_year": "年度费用",
      "modalTitle": "资费概览",
      "month": "每月费用",
      "monthsPlural": "个月",
      "monthsSingular": "个月",
      "no": "否",
      "oeko": "绿色能源资费",
      "perMonth": "/月",
      "perMonthText": "每月",
      "perYear": "/年",
      "rec": "资费建议",
      "saveH": "基于你的信息和当前条件。",
      "saveK": "你的年度节省",
      "statusLine": "AI 分析已完成",
      "title": "资费建议",
      "until": "至",
      "year": "年度总费用",
      "yes": "是",
    },
  },
}
`;
